Testing Docutils 0.16rc1 with Python 3.7.3 on 2019-12-19 at 20:25:09
OS: Linux 5.0.0-37-generic #40-Ubuntu SMP Thu Nov 14 00:14:01 UTC 2019 (linux, Linux-5.0.0-37-generic-x86_64-with-Ubuntu-19.04-disco)
Working directory: /home/engelbert/projects/docutils-code/docutils/test
Docutils package: /home/engelbert/projects/docutils-code/docutils/docutils
................................................................................................................................................................................................................................................................................................................................................................................................................................................................................................................................................................................................................................................................................................................................................................................................................................................................................................................................................................................................................................................................................................................................................................................................................................................................................................................................................................................................................................................................
----------------------------------------------------------------------
Ran 1408 tests in 5.866s

OK
Elapsed time: 6.201 seconds
